In file `company/DarkForest.txt`:
 Line 31: Can't find element with value 'FloodedCollectorses'
